[alamin-portfolio.netlify.app/index.html]
[backblue.gif]
[fade.gif]
[index.html]
[alamin-portfolio.netlify.app/css/plugins/animate.css]
[alamin-portfolio.netlify.app/css/plugins/animated-headlines.css]
[alamin-portfolio.netlify.app/css/bootstrap.min.css]
[stackpath.bootstrapcdn.com/font-awesome/4.7.0/css/font-awesome.min.css]
[alamin-portfolio.netlify.app/css/plugins/magnific-popup.css]
[alamin-portfolio.netlify.app/css/main.css]
[alamin-portfolio.netlify.app/img/logo.png]
[alamin-portfolio.netlify.app/img/man.png]
[alamin-portfolio.netlify.app/blog/index.html]
[alamin-portfolio.netlify.app/single-post/index.html]
[alamin-portfolio.netlify.app/img/portfolio/1.jpg]
[alamin-portfolio.netlify.app/img/portfolio/2.jpg]
[alamin-portfolio.netlify.app/img/portfolio/3.jpg]
[alamin-portfolio.netlify.app/img/portfolio/4.jpg]
[alamin-portfolio.netlify.app/img/portfolio/5.jpg]
[alamin-portfolio.netlify.app/img/portfolio/6.jpg]
[alamin-portfolio.netlify.app/img/testimonials.png]
[alamin-portfolio.netlify.app/img/team-1.png]
[alamin-portfolio.netlify.app/img/blog/1.png]
[alamin-portfolio.netlify.app/img/blog/2.png]
[alamin-portfolio.netlify.app/img/blog/3.png]
[alamin-portfolio.netlify.app/js/plugins/jquery-3.3.1.min.js]
[alamin-portfolio.netlify.app/js/bootstrap.min.js]
[alamin-portfolio.netlify.app/js/plugins/popper.min.js]
[alamin-portfolio.netlify.app/js/plugins/animated-headlines.js]
[alamin-portfolio.netlify.app/js/plugins/nav.jquery.js]
[alamin-portfolio.netlify.app/js/plugins/jquery.stellar.18.delayed]
[alamin-portfolio.netlify.app/js/plugins/isotope.pkgd.min.js]
[alamin-portfolio.netlify.app/js/plugins/imagesloaded.pkgd.min.js]
[alamin-portfolio.netlify.app/js/plugins/magnific-popup.min.js]
[alamin-portfolio.netlify.app/js/smooth-scroll.js]
[alamin-portfolio.netlify.app/js/plugins/jquery.waypoints.min.js]
[alamin-portfolio.netlify.app/js/plugins/jquery.counterup.min.js]
[alamin-portfolio.netlify.app/js/plugins/particles.min.js]
[alamin-portfolio.netlify.app/js/plugins/app.js]
[alamin-portfolio.netlify.app/js/plugins/animated-headlines..21.delayed]
[alamin-portfolio.netlify.app/js/main.js]
[alamin-portfolio.netlify.app/index.html]
[alamin-portfolio.netlify.app/css/plugins/animate.css]
[alamin-portfolio.netlify.app/css/plugins/animated-headlines.css]
[alamin-portfolio.netlify.app/css/bootstrap.min.css]
[stackpath.bootstrapcdn.com/font-awesome/4.7.0/css/font-awesome.min.css]
[alamin-portfolio.netlify.app/css/plugins/magnific-popup.css]
[alamin-portfolio.netlify.app/img/bg/slider-bg.png]
[alamin-portfolio.netlify.app/img/bg/some-facts-bg.png]
[alamin-portfolio.netlify.app/img/bg/testimonials-bg.png]
[alamin-portfolio.netlify.app/css/main.css]
[alamin-portfolio.netlify.app/blog/css/plugins/animate.css]
[alamin-portfolio.netlify.app/blog/css/plugins/animated-headlines.css]
[alamin-portfolio.netlify.app/blog/css/bootstrap.min.css]
[alamin-portfolio.netlify.app/blog/css/plugins/magnific-popup.css]
[alamin-portfolio.netlify.app/blog/css/main.css]
[alamin-portfolio.netlify.app/blog/img/logo.png]
[alamin-portfolio.netlify.app/blog/img/blog/1.png]
[alamin-portfolio.netlify.app/blog/img/blog/2.png]
[alamin-portfolio.netlify.app/blog/img/blog/3.png]
[alamin-portfolio.netlify.app/blog/img/blog/4.png]
[alamin-portfolio.netlify.app/blog/img/blog/5.png]
[alamin-portfolio.netlify.app/blog/img/blog/6.png]
[alamin-portfolio.netlify.app/blog/js/plugins/jquery-3.3.1.min.js]
[alamin-portfolio.netlify.app/blog/js/bootstrap.min.js]
[alamin-portfolio.netlify.app/blog/js/plugins/popper.min.js]
[alamin-portfolio.netlify.app/blog/js/plugins/animated-headlines.js]
[alamin-portfolio.netlify.app/blog/js/plugins/nav.jquery.js]
[alamin-portfolio.netlify.app/blog/js/plugins/jquery.stellar.37.delayed]
[alamin-portfolio.netlify.app/blog/js/plugins/isotope.pkgd.min.js]
[alamin-portfolio.netlify.app/blog/js/plugins/imagesloaded.pkgd.min.js]
[alamin-portfolio.netlify.app/blog/js/plugins/magnific-popup.min.js]
[alamin-portfolio.netlify.app/blog/js/smooth-scroll.js]
[alamin-portfolio.netlify.app/blog/js/plugins/jquery.waypoints.min.js]
[alamin-portfolio.netlify.app/blog/js/plugins/jquery.counterup.min.js]
[alamin-portfolio.netlify.app/blog/js/plugins/particles.min.js]
[alamin-portfolio.netlify.app/blog/js/plugins/app.js]
[alamin-portfolio.netlify.app/blog/js/plugins/animated-headlines..40.delayed]
[alamin-portfolio.netlify.app/blog/js/main.js]
[alamin-portfolio.netlify.app/blog/index.html]
[alamin-portfolio.netlify.app/single-post/css/plugins/animate.css]
[alamin-portfolio.netlify.app/single-post/css/plugins/animated-headlines.css]
[alamin-portfolio.netlify.app/single-post/css/bootstrap.min.css]
[alamin-portfolio.netlify.app/single-post/css/plugins/magnific-popup.css]
[alamin-portfolio.netlify.app/single-post/css/main.css]
[alamin-portfolio.netlify.app/single-post/img/logo.png]
[alamin-portfolio.netlify.app/single-post/img/blog/2.png]
[alamin-portfolio.netlify.app/single-post/js/plugins/jquery-3.3.1.min.js]
[alamin-portfolio.netlify.app/single-post/js/bootstrap.min.js]
[alamin-portfolio.netlify.app/single-post/js/plugins/popper.min.js]
[alamin-portfolio.netlify.app/single-post/js/plugins/animated-headlines.js]
[alamin-portfolio.netlify.app/single-post/js/plugins/nav.jquery.js]
[alamin-portfolio.netlify.app/single-post/js/plugins/jquery.stellar.4e.delayed]
[alamin-portfolio.netlify.app/single-post/js/plugins/isotope.pkgd.min.js]
[alamin-portfolio.netlify.app/single-post/js/plugins/imagesloaded.pkgd.min.js]
[alamin-portfolio.netlify.app/single-post/js/plugins/magnific-popup.min.js]
[alamin-portfolio.netlify.app/single-post/js/smooth-scroll.js]
[alamin-portfolio.netlify.app/single-post/js/plugins/jquery.waypoints.min.js]
[alamin-portfolio.netlify.app/single-post/js/plugins/jquery.counterup.min.js]
[alamin-portfolio.netlify.app/single-post/js/plugins/particles.min.js]
[alamin-portfolio.netlify.app/single-post/js/plugins/app.js]
[alamin-portfolio.netlify.app/single-post/js/plugins/animated-headlines..57.delayed]
[alamin-portfolio.netlify.app/single-post/js/main.js]
[alamin-portfolio.netlify.app/single-post/index.html]
[alamin-portfolio.netlify.app/js/plugins/jquery.stellar.html]
[alamin-portfolio.netlify.app/js/plugins/animated-headlines..html]
[alamin-portfolio.netlify.app/blog/css/plugins/animate.css]
[alamin-portfolio.netlify.app/blog/css/plugins/animated-headlines.css]
[alamin-portfolio.netlify.app/blog/css/bootstrap.min.css]
[alamin-portfolio.netlify.app/blog/css/plugins/magnific-popup.css]
[alamin-portfolio.netlify.app/blog/css/main.css]
[alamin-portfolio.netlify.app/blog/js/plugins/jquery.stellar.html]
[alamin-portfolio.netlify.app/blog/js/plugins/animated-headlines..html]
[alamin-portfolio.netlify.app/single-post/css/plugins/animate.css]
[alamin-portfolio.netlify.app/single-post/css/plugins/animated-headlines.css]
[alamin-portfolio.netlify.app/single-post/css/bootstrap.min.css]
[alamin-portfolio.netlify.app/single-post/css/plugins/magnific-popup.css]
[alamin-portfolio.netlify.app/single-post/css/main.css]
[alamin-portfolio.netlify.app/single-post/js/plugins/jquery.stellar.html]
[alamin-portfolio.netlify.app/single-post/js/plugins/animated-headlines..html]
